---
source: tests/layout.rs
expression: s
---
A   ┌Artists───────────────┐┌Albums────────────────────┐┌Tracks────────────────────────────────────────────────────────┐
P   │40mP                  ││Cosmic                    ││▶  1 Song1 — Cosmic                                24bit-96kHz│
Q   │DECO*27               ││                          ││                                                              │
Y   │                      ││                          ││                                                              │
    │                      ││                          ││                                                              │
    │                      ││                          ││                                                              │
    │                      ││                          ││                                                              │
    │                      ││                          ││                                                              │
    │                      ││                          ││                                                              │
    │                      ││                          ││                                                              │
    │                      ││                          ││                                                              │
    │                      ││                          ││                                                              │
    │                      ││                          ││                                                              │
    │                      ││                          ││                                                              │
    │                      ││                          ││                                                              │
    │                      ││                          ││                                                              │
    │                      ││                          ││                                                              │
    │                      ││                          ││                                                              │
    │                      ││                          ││                                                              │
    │                      ││                          ││                                                              │
    │                      ││                          ││                                                              │
    └──────────────────────┘└──────────────────────────┘└──────────────────────────────────────────────────────────────┘
⏸ Song1 — 40mP · Cosmic   ◀◀ ⏸ ▶▶   24-bit / 96 kHz · bit-perfect   vol ▰▰▰▱ 70%   SHUF off  RPT off  CONT off
                                                      0:00 / 3:00
