---
source: tests/layout.rs
expression: s
---
A   ┌Artists─────────────────────────────────────────────────────────┐
P   │40mP                                                            │
Q   │DECO*27                                                         │
Y   │                                                                │
    │                                                                │
    │                                                                │
    │                                                                │
    │                                                                │
    │                                                                │
    │                                                                │
    │                                                                │
    │                                                                │
    │                                                                │
    │                                                                │
    │                                                                │
    │                                                                │
    │                                                                │
    │                                                                │
    │                                                                │
    │                                                                │
    │                                                                │
    └────────────────────────────────────────────────────────────────┘
⏸ Song1 — 40mP  24bit/96  CONT off · MODE local
Enter play · Space pause · > < next prev · M mode · / search · ? help
