---
source: tests/layout.rs
expression: s
---
1:Artists │ 2:Playlists │ 3:Queue │ 4:YouTube                            Artists
────────────────────────────────────────────────────────────────────────────────
                          Artists › [Albums] › [Tracks]
                           l → Albums · Enter → Tracks
1  │┏Artists━━━━━━━━━━━━━━━━━━━━━━━━━━━━━━━━━━━━━━━━━━━━━━━━━━━━━━━━━━━━━━━━━━━┓
2  │┃40mP                                                                      ┃
3  │┃DECO*27                                                                   ┃
4  │┃                                                                          ┃
   │┃Albums — 40mP:                                                            ┃
   │┃  Cosmic                                                                  ┃
   │┗━━━━━━━━━━━━━━━━━━━━━━━━━━━━━━━━━━━━━━━━━━━━━━━━━━━━━━━━━━━━━━━━━━━━━━━━━━┛
╭─ NOW PLAYING ────────────────────────────────────────────────────────────────╮
│Song1                                                                         │
│40mP                                                                          │
│Cosmic                                                                        │
│LOCAL · 24-bit · 96 kHz                                                       │
│▶ PLAYING  [Space] Pause                                                      │
│0:00  ────────────────────────────────────────────────────────────  3:00      │
│[←] Previous   [Space] Pause   [→] Next   Vol 70% ▰▰▰▰▰▰▰▱▱▱                  │
│LOCAL                                                                         │
│Shuffle: Off   Repeat: Off   Continue: Off                                    │
│Up next: Nothing queued                                                       │
╰──────────────────────────────────────────────────────────────────────────────╯
VIEW: local · SOURCE: local [Y —]
