---
source: tests/layout.rs
expression: s
---
┏Artists━━━━━━━━━━━━━━━┓┌Albums────────────────────┐┌Tracks────────────────────────────────────────────────────────────┐
┃▸ 40mP                ┃│Cosmic                    ││▶  1 Song1 — Cosmic                                    24bit-96kHz│
┃  DECO*27             ┃│                          ││                                                                  │
┃                      ┃│                          ││                                                                  │
┃                      ┃│                          ││                                                                  │
┃                      ┃│                          ││                                                                  │
┃                      ┃│                          ││                                                                  │
┃                      ┃│                          ││                                                                  │
┃                      ┃│                          ││                                                                  │
┃                      ┃│                          ││                                                                  │
┃                      ┃│                          ││                                                                  │
┃                      ┃│                          ││                                                                  │
┃                      ┃│                          ││                                                                  │
┃                      ┃│                          ││                                                                  │
┃                      ┃│                          ││                                                                  │
┃                      ┃│                          ││                                                                  │
┃                      ┃│                          ││                                                                  │
┃                      ┃│                          ││                                                                  │
┃                      ┃│                          ││                                                                  │
┃                      ┃│                          ││                                                                  │
┗━━━━━━━━━━━━━━━━━━━━━━┛└──────────────────────────┘└──────────────────────────────────────────────────────────────────┘
────────────────────────────────────────────────────────────────────────────────────────────────────────────────────────
[PLAYING] ▶ Song1 — 40mP  0:00 / 3:00  ▸ Next: (end)  24bit/96  MODE local · CONT off · SHUF off · RPT off
VIEW: local · SOURCE: local [Y —]
