---
source: tests/layout.rs
expression: s
---
1:Artists │ 2:Playlists │ 3:Queue │ 4:YouTube                  Artists
──────────────────────────────────────────────────────────────────────
                     Artists › [Albums] › [Tracks]
                      l → Albums · Enter → Tracks
1  │┏Artists━━━━━━━━━━━━━━━━━━━━━━━━━━━━━━━━━━━━━━━━━━━━━━━━━━━━━━━━━┓
2  │┃40mP                                                            ┃
3  │┃DECO*27                                                         ┃
4  │┃                                                                ┃
   │┃Albums — 40mP:                                                  ┃
   │┃  Cosmic                                                        ┃
   │┃                                                                ┃
   │┃                                                                ┃
   │┃                                                                ┃
   │┃                                                                ┃
   │┃                                                                ┃
   │┃                                                                ┃
   │┃                                                                ┃
   │┃                                                                ┃
   │┃                                                                ┃
   │┃                                                                ┃
   │┃                                                                ┃
   │┗━━━━━━━━━━━━━━━━━━━━━━━━━━━━━━━━━━━━━━━━━━━━━━━━━━━━━━━━━━━━━━━━┛
[PLAYING] ▶ Song1 — 40mP  0:00 / 3:00  ▸ Next: (end)  MODE local
VIEW: local · SOURCE: local [Y —]
