---
source: tests/snapshots_states.rs
expression: s
---
VIEWS                      │Home │ Library │ Search │ Discover │ Radio │ Explore │ Charts                    YouTube [~]
›   1 Artists              │⌕ YouTube Home
›   2 Playlists            │cold start — listening to music builds your profile
›   3 Queue                │
›   4 YouTube              │── Quick Picks ──
────────────────────────   │Tracks based on your recent listening
DISCOVER                   │▸ ♫ Song1 — 40mP
♫   H Home                 │♫ Ghost Rule — DECO*27
✦   S Discover             │
◎ :radio Radio             │                j/k navigate · Tab sections · Enter play · ? help · Esc close
────────────────────────────────────────────────────────────────────────────────────────────────────────────────────────
╭─ NOW PLAYING ────────────────────────────────────────────────────────────────────────────────────────────────────────╮
│Song1                                                                                                                 │
│40mP                                                                                                                  │
│Cosmic                                                                                                                │
│LOCAL · 24-bit · 96 kHz                                                                                               │
│▶ PLAYING  [Space] Pause                                                                                              │
│0:00  ────────────────────────────────────────────────────────────  3:00                                              │
│[←] Previous   [Space] Pause   [→] Next   Vol 70% ▰▰▰▰▰▰▰▱▱▱                                                          │
│LOCAL                                                                                                                 │
│Shuffle: Off   Repeat: Off   Continue: Off                                                                            │
│Up next: Nothing queued                                                                                               │
╰──────────────────────────────────────────────────────────────────────────────────────────────────────────────────────╯
VIEW: youtube · SOURCE: local [Y ~] · [~] YT: synchronizing…
