---
source: tests/snapshots_states.rs
expression: s
---
┌ Lyrics ──────────────────────────────────────────────────────────────────────────────────────────────────────────────┐
│ Lyrics unavailable for this track.                   ││▶  1 Song1 — Cosmic                                24bit-96kHz│
│   ┃DECO*27               ┃│                          ││                                                              │
│   ┃                      ┃│                          ││                                                              │
│   ┃                      ┃│                          ││                                                              │
│   ┃                      ┃│                          ││                                                              │
│   ┃                      ┃│                          ││                                                              │
│   ┃                      ┃│                          ││                                                              │
│   ┃                      ┃│                          ││                                                              │
│   ┃                      ┃│                          ││                                                              │
│   ┃                      ┃│                          ││                                                              │
│   ┃                      ┃│                          ││                                                              │
│   ┃                      ┃│                          ││                                                              │
│   ┃                      ┃│                          ││                                                              │
│   ┃                      ┃│                          ││                                                              │
│   ┃                      ┃│                          ││                                                              │
│   ┃                      ┃│                          ││                                                              │
│   ┃                      ┃│                          ││                                                              │
│   ┃                      ┃│                          ││                                                              │
│   ┃                      ┃│                          ││                                                              │
│   ┗━━━━━━━━━━━━━━━━━━━━━━┛└──────────────────────────┘└──────────────────────────────────────────────────────────────│
│ Song1 — 40mP · Cosmic   24-bit / 96 kHz · bit-perfect   vol ▰▰▰▱ 70%                                                 │
│                          0:00 / 3:00                                        SHUF off · RPT off · CONT off · MODE loca│
└──────────────────────────────────────────────────────────────────────────────────────────────────────────────────────┘
