---
source: tests/snapshots_states.rs
expression: s
---
1   ┏YouTube━━━━━━━━━━━━━━━┓┌Tracks────────────────────────────────────────────────────────────────────────────────────┐
2   ┃♫ Liked Music         ┃│▸  1 yt1                                                                                YT│
3   ┃♫ Chill               ┃│   2 yt2                                                                                YT│
4   ┃✦ Mood: Focus         ┃│                                                                                          │
    ┃                      ┃│                                                                                          │
    ┃                      ┃│                                                                                          │
    ┃                      ┃│                                                                                          │
    ┃                      ┃│                                                                                          │
    ┃                      ┃│                                                                                          │
    ┃                      ┃│                                                                                          │
    ┃                      ┃│                                                                                          │
    ┃                      ┃│                                                                                          │
    ┃                      ┃│                                                                                          │
    ┃                      ┃│                                                                                          │
    ┃                      ┃│                                                                                          │
    ┃                      ┃│                                                                                          │
    ┃                      ┃│                                                                                          │
    ┗━━━━━━━━━━━━━━━━━━━━━━┛└──────────────────────────────────────────────────────────────────────────────────────────┘
    ┌Suggested / Up Next───────────────────────────────────────────────────────────────────────────────────────────────┐
    │▶ Mood: Focus →                                                                                                   │
    └──────────────────────────────────────────────────────────────────────────────────────────────────────────────────┘
⏸ Song1 — 40mP · Cosmic   24-bit / 96 kHz · bit-perfect   vol ▰▰▰▱ 70%
                           0:00 / 3:00                                        SHUF off · RPT off · CONT off · MODE local
Enter play · q quit · ? help · > < next prev · M mode · / search YT
