---
source: tests/snapshots_states.rs
expression: s
---
1   ┏YouTube [~]━━━━━━━━━━━┓┌Tracks────────────────────────────────────────────────────────────────────────────────────┐
2   ┃                      ┃│loading…                                                                                  │
3   ┃                      ┃│                                                                                          │
4   ┃                      ┃│                                                                                          │
    ┃                      ┃│                                                                                          │
    ┃                      ┃│                                                                                          │
    ┃                      ┃│                                                                                          │
    ┃                      ┃│                                                                                          │
    ┃                      ┃│                                                                                          │
    ┃                      ┃│                                                                                          │
    ┃                      ┃│                                                                                          │
    ┃                      ┃│                                                                                          │
    ┃                      ┃│                                                                                          │
    ┃                      ┃│                                                                                          │
    ┃                      ┃│                                                                                          │
    ┃                      ┃│                                                                                          │
    ┃                      ┃│                                                                                          │
    ┃                      ┃│                                                                                          │
    ┃                      ┃│                                                                                          │
    ┃                      ┃│                                                                                          │
    ┗━━━━━━━━━━━━━━━━━━━━━━┛└──────────────────────────────────────────────────────────────────────────────────────────┘
────────────────────────────────────────────────────────────────────────────────────────────────────────────────────────
[PLAYING] ▶ Song1 — 40mP  0:00 / 3:00  ▸ Next: (end)  24bit/96  MODE local · CONT off
VIEW: youtube · SOURCE: local · [~] YT: synchronizing…
