---
source: tests/snapshots_states.rs
expression: s
---
1   ┏Artists━━━━━━━━━━━━━━━┓┌Albums────────────────────┐┌Tracks────────────────────────────────────────────────────────┐
2   ┃40mP                  ┃│Cosmic                    ││▶  1 Song1 — Cosmic                                24bit-96kHz│
3   ┃DECO*27               ┃│                          ││                                                              │
4   ┃                      ┃│                          ││                                                              │
    ┃                      ┃│                          ││                                                              │
    ┃                      ┃│                          ││                                                              │
    ┃                      ┃│ ┌ add "Song1 — 40mP" to playlist · Enter confirm ──────────┐                             │
    ┃                      ┃│ │+ new playlist...                                         │                             │
    ┃                      ┃│ │                                                          │                             │
    ┃                      ┃│ │                                                          │                             │
    ┃                      ┃│ │                                                          │                             │
    ┃                      ┃│ │                                                          │                             │
    ┃                      ┃│ │                                                          │                             │
    ┃                      ┃│ │                                                          │                             │
    ┃                      ┃│ │                                                          │                             │
    ┃                      ┃│ │                                                          │                             │
    ┃                      ┃│ │                                                          │                             │
    ┃                      ┃│ └──────────────────────────────────────────────────────────┘                             │
    ┃                      ┃│                          ││                                                              │
    ┃                      ┃│                          ││                                                              │
    ┗━━━━━━━━━━━━━━━━━━━━━━┛└──────────────────────────┘└──────────────────────────────────────────────────────────────┘
⏸ Song1 — 40mP · Cosmic   24-bit / 96 kHz · bit-perfect   vol ▰▰▰▱ 70%
                           0:00 / 3:00                                        SHUF off · RPT off · CONT off · MODE local
[!] YT: not configured — run :yt auth browser <chrome>
