---
source: tests/snapshots_states.rs
expression: s
---

            ┌ Lyrics — loading… ───────────────────────────────────────────────────────────────────────────┐
            │ Loading lyrics…                                                                              │
            │                                                                                              │
            │ (reading from local tags / sidecar / youtube)                                                │
            │                                                                                              │
            │                                                                                              │
            │                                    Esc close · j/k scroll                                    │
            └──────────────────────────────────────────────────────────────────────────────────────────────┘

────────────────────────────────────────────────────────────────────────────────────────────────────────────────────────
╭─ NOW PLAYING ────────────────────────────────────────────────────────────────────────────────────────────────────────╮
│Song1                                                                                                                 │
│40mP                                                                                                                  │
│Cosmic                                                                                                                │
│LOCAL · 24-bit · 96 kHz                                                                                               │
│▶ PLAYING  [Space] Pause                                                                                              │
│0:00  ────────────────────────────────────────────────────────────  3:00                                              │
│[←] Previous   [Space] Pause   [→] Next   Vol 70% ▰▰▰▰▰▰▰▱▱▱                                                          │
│LOCAL                                                                                                                 │
│Shuffle: Off   Repeat: Off   Continue: Off                                                                            │
│Up next: Nothing queued                                                                                               │
╰──────────────────────────────────────────────────────────────────────────────────────────────────────────────────────╯
VIEW: local · SOURCE: local [Y —]
