---
source: tests/snapshots_states.rs
expression: s
---
1   ┏Artists━━━━━━━━━━━━━━━┓┌Albums────────────────────┐┌Tracks────────────────────────────────────────────────────────┐
2   ┃no artists — run `juke┃│                          ││                                                              │
3   ┃                      ┃│                          ││                                                              │
4   ┃                      ┃│                          ││                                                              │
    ┃                      ┃│                          ││                                                              │
    ┃                      ┃│                          ││                                                              │
    ┃                      ┃│                          ││                                                              │
    ┃                      ┃│                          ││                                                              │
    ┃                      ┃│                          ││                                                              │
    ┃                      ┃│                          ││                                                              │
    ┃                      ┃│                          ││                                                              │
    ┃                      ┃│                          ││                                                              │
    ┃                      ┃│                          ││                                                              │
    ┃                      ┃│                          ││                                                              │
    ┃                      ┃│                          ││                                                              │
    ┃                      ┃│                          ││                                                              │
    ┃                      ┃│                          ││                                                              │
    ┃                      ┃│                          ││                                                              │
    ┃                      ┃│                          ││                                                              │
    ┃                      ┃│                          ││                                                              │
    ┗━━━━━━━━━━━━━━━━━━━━━━┛└──────────────────────────┘└──────────────────────────────────────────────────────────────┘
────────────────────────────────────────────────────────────────────────────────────────────────────────────────────────
[STOPPED] ■ — nothing playing —  --:-- / --:--  ▸ Enter to play  --  MODE local · CONT off · SHUF off · RPT off
VIEW: local · SOURCE: local
