---
source: tests/snapshots_states.rs
expression: s
---
1   ┏Queue━━━━━━━━━━━━━━━━━━━━━━━━━━━━━━━━━━━━━━━━━━━━━━━━━━━━━━━━━━━━━━━━━━━━━━━━━━━━━━━━━━━━━━━━━━━━━━━━━━━━━━━━━━━━━┓
2   ┃                                 queue empty — press `e` on a track to enqueue it                                 ┃
3   ┃                                                                                                                  ┃
4   ┃                                                                                                                  ┃
    ┃                                                                                                                  ┃
    ┃                                                                                                                  ┃
    ┃                                                                                                                  ┃
    ┃                                                                                                                  ┃
    ┃                                                                                                                  ┃
    ┃                                                                                                                  ┃
    ┃                                                                                                                  ┃
    ┃                                                                                                                  ┃
    ┃                                                                                                                  ┃
    ┃                                                                                                                  ┃
    ┃                                                                                                                  ┃
    ┃                                                                                                                  ┃
    ┃                                                                                                                  ┃
    ┃                                                                                                                  ┃
    ┃                                                                                                                  ┃
    ┃                                                                                                                  ┃
    ┗━━━━━━━━━━━━━━━━━━━━━━━━━━━━━━━━━━━━━━━━━━━━━━━━━━━━━━━━━━━━━━━━━━━━━━━━━━━━━━━━━━━━━━━━━━━━━━━━━━━━━━━━━━━━━━━━━━┛
⏸ Song1 — 40mP · Cosmic   24-bit / 96 kHz · bit-perfect   vol ▰▰▰▱ 70%
                           0:00 / 3:00                                        SHUF off · RPT off · CONT off · MODE local
[!] YT: not configured — run :yt auth browser <chrome>
