---
source: tests/snapshots_states.rs
expression: s
---
VIEWS                      │Home │ Library │ Search │ Discover │ Radio │ Explore │ Charts                    YouTube [!]
›   1 Artists              │
›   2 Playlists            │                                       ⌕ YouTube Home
›   3 Queue                │
›   4 YouTube              │                                You're signed out of YouTube.
────────────────────────   │
DISCOVER                   │                  Connect to see your library, mixes, and recommendations:
♫   H Home                 │                  • Run :yt auth browser <chrome|firefox|safari> to sign in
✦   S Discover             │                              • Or paste cookies with :yt auth
◎ :radio Radio             │
◆ :gen Generator           │                      Local music is fully functional while signed out.
────────────────────────   │
TOOLS                      │
/   / Search               │
!   D Diagnostics          │
?   ? Help                 │
                           │
                           │
                           │
                           │
                           │
────────────────────────────────────────────────────────────────────────────────────────────────────────────────────────
[PLAYING] ▶ Song1 — 40mP  0:00 / 3:00  ▸ Next: (end)  24bit/96  PREF local · YT… · CONT off · SHUF off · RPT off
VIEW: youtube · SOURCE: local [Y —] · [!] YT: signed out — run :yt auth to reconnect
