---
source: tests/snapshots_states.rs
expression: s
---
1   ┏Queue━━━━━━━━━━━━━━━━━━━━━━━━━━━━━━━━━━━━━━━━━━━━━━━━━━━━━━━━━━━━━━━━━━━━━━━━━━━━━━━━━━━━━━━━━━━━━━━━━━━━━━━━━━━━━┓
2   ┃▶  1 Song1 — Cosmic                                                                                    24bit-96kHz┃
3   ┃   2 Ghost Rule — Ghost                                                                              16bit-44.1kHz┃
4   ┃                                                                                                                  ┃
    ┃                                                                                                                  ┃
    ┃                                                                                                                  ┃
    ┃                                                                                                                  ┃
    ┃                                                                                                                  ┃
    ┃                                                                                                                  ┃
    ┃                                                                                                                  ┃
    ┃                                                                                                                  ┃
    ┃                                                                                                                  ┃
    ┃                                                                                                                  ┃
    ┃                                                                                                                  ┃
    ┃                                                                                                                  ┃
    ┃                                                                                                                  ┃
    ┃                                                                                                                  ┃
    ┃                                                                                                                  ┃
    ┃                                                                                                                  ┃
    ┃                                                                                                                  ┃
    ┗━━━━━━━━━━━━━━━━━━━━━━━━━━━━━━━━━━━━━━━━━━━━━━━━━━━━━━━━━━━━━━━━━━━━━━━━━━━━━━━━━━━━━━━━━━━━━━━━━━━━━━━━━━━━━━━━━━┛
────────────────────────────────────────────────────────────────────────────────────────────────────────────────────────
[PLAYING] ▶ Song1 — 40mP  0:00 / 3:00  ▸ Next: Song1  24bit/96  MODE local · CONT off · SHUF off · RPT off
VIEW: local · SOURCE: local [Y —]
