---
source: tests/snapshots_states.rs
expression: s
---
1  │┏Queue━━━━━━━━━━━━━━━━━━━━━━━━━━━━━━━━━━━━━━━━━━━━━━━━━━━━━━━━━━━━━━━━━━━━━━━━━━━━━━━━━━━━━━━━━━━━━━━━━━━━━━━━━━━━━┓
2  │┃                                                 ≡ Queue is empty                                                 ┃
3  │┃                                           Press e on a track to enqueue                                          ┃
4  │┃                                           1 Artists · / search · ? help                                          ┃
   │┃                                                                                                                  ┃
   │┃                                                                                                                  ┃
   │┃                                                                                                                  ┃
   │┃                                                                                                                  ┃
   │┃                                                                                                                  ┃
   │┃                                                                                                                  ┃
   │┃                                                                                                                  ┃
   │┃                                                                                                                  ┃
   │┃                                                                                                                  ┃
   │┃                                                                                                                  ┃
   │┃                                                                                                                  ┃
   │┃                                                                                                                  ┃
   │┃                                                                                                                  ┃
   │┃                                                                                                                  ┃
   │┃                                                                                                                  ┃
   │┃                                                                                                                  ┃
   │┗━━━━━━━━━━━━━━━━━━━━━━━━━━━━━━━━━━━━━━━━━━━━━━━━━━━━━━━━━━━━━━━━━━━━━━━━━━━━━━━━━━━━━━━━━━━━━━━━━━━━━━━━━━━━━━━━━━┛
────────────────────────────────────────────────────────────────────────────────────────────────────────────────────────
[PLAYING] ▶ Song1 — 40mP  0:00 / 3:00  ▸ Next: (end)  24bit/96  MODE local · CONT off · SHUF off · RPT off
VIEW: queue · SOURCE: local [Y —]
