---
source: tests/snapshots_states.rs
expression: s
---
┌ Lyrics ──────────────────────────────────────────────────────────────────────────────────────────────────────────────┐
│ [00:00] First line       ┃│Cosmic                    ││▶  1 Song1 — Cosmic                                24bit-96kHz│
│ [00:05] Second line      ┃│                          ││                                                              │
│   ┃                      ┃│                          ││                                                              │
│   ┃                      ┃│                          ││                                                              │
│   ┃                      ┃│                          ││                                                              │
│   ┃                      ┃│                          ││                                                              │
│   ┃                      ┃│                          ││                                                              │
│   ┃                      ┃│                          ││                                                              │
│   ┃                      ┃│                          ││                                                              │
│   ┃                      ┃│                          ││                                                              │
│   ┃                      ┃│                          ││                                                              │
│   ┃                      ┃│                          ││                                                              │
│   ┃                      ┃│                          ││                                                              │
│   ┃                      ┃│                          ││                                                              │
│   ┃                      ┃│                          ││                                                              │
│   ┃                      ┃│                          ││                                                              │
│   ┃                      ┃│                          ││                                                              │
│   ┃                      ┃│                          ││                                                              │
│   ┃                      ┃│                          ││                                                              │
│   ┗━━━━━━━━━━━━━━━━━━━━━━┛└──────────────────────────┘└──────────────────────────────────────────────────────────────│
│ Song1 — 40mP · Cosmic   24-bit / 96 kHz · bit-perfect   vol ▰▰▰▱ 70%                                                 │
│                          0:00 / 3:00                                        SHUF off · RPT off · CONT off · MODE loca│
└──────────────────────────────────────────────────────────────────────────────────────────────────────────────────────┘
