---
source: tests/snapshots_states.rs
expression: s
---
1   ┏YouTube━━━━━━━━━━━━━━━┓┌Tracks────────────────────────────────────────────────────────────────────────────────────┐
2   ┃                      ┃│signed out — run :yt auth to reconnect                                                    │
3   ┃                      ┃│                                                                                          │
4   ┃                      ┃│                                                                                          │
    ┃                      ┃│                                                                                          │
    ┃                      ┃│                                                                                          │
    ┃                      ┃│                                                                                          │
    ┃                      ┃│                                                                                          │
    ┃                      ┃│                                                                                          │
    ┃                      ┃│                                                                                          │
    ┃                      ┃│                                                                                          │
    ┃                      ┃│                                                                                          │
    ┃                      ┃│                                                                                          │
    ┃                      ┃│                                                                                          │
    ┃                      ┃│                                                                                          │
    ┃                      ┃│                                                                                          │
    ┃                      ┃│                                                                                          │
    ┃                      ┃│                                                                                          │
    ┃                      ┃│                                                                                          │
    ┃                      ┃│                                                                                          │
    ┗━━━━━━━━━━━━━━━━━━━━━━┛└──────────────────────────────────────────────────────────────────────────────────────────┘
⏸ Song1 — 40mP · Cosmic   24-bit / 96 kHz · bit-perfect   vol ▰▰▰▱ 70%
                           0:00 / 3:00                                        SHUF off · RPT off · CONT off · MODE local
[!] YT: signed out — run :yt auth to reconnect
