---
source: tests/state_snapshots.rs
expression: s
---

            ┌ Lyrics — not found ──────────────────────────────────────────────────────────────────────────┐
            │ Lyrics are searched on YouTube; local tracks without a YouTube match have no lyrics.         │
            │                                                                                              │
            │ R retry lyrics for this track  ·  L or Esc close                                             │
            │                                                                                              │
            │                                                                                              │
            │                                    Esc close · j/k scroll                                    │
            └──────────────────────────────────────────────────────────────────────────────────────────────┘

────────────────────────────────────────────────────────────────────────────────────────────────────────────────────────
╭─ NOW PLAYING ────────────────────────────────────────────────────────────────────────────────────────────────────────╮
│— nothing playing —                                                                                                   │
│                                                                                                                      │
│                                                                                                                      │
│                                                                                                                      │
│■ STOPPED                                                                                                             │
│--:--  ────────────────────────────────────────────────────────────  --:--                                            │
│[←] Previous   [Space] Play   [→] Next   Vol 70% ▰▰▰▰▰▰▰▱▱▱                                                           │
│LOCAL                                                                                                                 │
│Shuffle: Off   Repeat: Off   Continue: Off                                                                            │
│Up next: Nothing queued                                                                                               │
╰──────────────────────────────────────────────────────────────────────────────────────────────────────────────────────╯
VIEW: local · SOURCE: local [Y —]
