---
source: tests/state_snapshots.rs
expression: s
---
1   ┏Artists━━━━━━━━━━━━━━━┓┌Albums────────────────────┐┌Tracks────────────────────────────────────────────────────────┐
2   ┃40mP                  ┃│Cosmic                    ││▸  1 Song1 — Cosmic                                24bit-96kHz│
3   ┃DECO*27          ┌ help — j/k scroll · Esc to close ────────────────────────────────────────┐                     │
4   ┃                 │                                                                          │                     │
    ┃                 │navigation  h j k l · arrows   move (←→ columns, ↑↓ within)               │                     │
    ┃                 │  gg / G   top / bottom of column                                         │                     │
    ┃                 │  1 2 3 4   switch view: Artists / Playlists / Queue / YouTube            │                     │
    ┃                 │  Tab / Shift+Tab   cycle view                                            │                     │
    ┃                 │                                                                          │                     │
    ┃                 │playback  Enter   play selected in context                                │                     │
    ┃                 │  Space   play / pause                                                    │                     │
    ┃                 │  > / <   next / previous track                                           │                     │
    ┃                 │  , / .   seek −5s / +5s                                                  │                     │
    ┃                 │  + / -   volume up / down                                                │                     │
    ┃                 │  m   mute                                                                │                     │
    ┃                 │  z / Z   cycle shuffle / reshuffle                                       │                     │
    ┃                 │  r   cycle repeat (off → all → one)                                      │                     │
    ┃                 │  c   cycle continue (mode-dependent)                                     │                     │
    ┃                 │  M   cycle source mode (Local / YouTube / Mixed)                         │                     │
    ┃                 │                                                                          │                     │
    ┗━━━━━━━━━━━━━━━━━│discover  s   instant random track   ·   S   discover overlay             │─────────────────────┘
▶ — nothing playing — └──────────────────────────────────────────────────────────────────────────┘
                          --:-- / --:--                                       SHUF off · RPT off · CONT off · MODE local
[!] YT: not configured — run :yt auth browser <chrome>
