---
source: tests/state_snapshots.rs
expression: s
---


            ┌ Lyrics — loading… ───────────────────────────────────────────────────────────────────────────┐
            │ Loading lyrics…                                                                              │
            │                                                                                              │
            │ (reading from local tags / sidecar / youtube)                                                │
            │                                                                                              │
            │                                                                                              │
            │                                                                                              │
            │                                                                                              │
            │                                                                                              │
            │                                                                                              │
            │                                                                                              │
            │                                                                                              │
            │                                                                                              │
            │                                                                                              │
            │                                                                                              │
            │                                    Esc close · j/k scroll                                    │
            └──────────────────────────────────────────────────────────────────────────────────────────────┘


────────────────────────────────────────────────────────────────────────────────────────────────────────────────────────
[STOPPED] ■ — nothing playing —  --:-- / --:--  ▸ Enter to play  --  PREF local · CONT off · SHUF off · RPT off
VIEW: local · SOURCE: local [Y —]
