---
source: tests/state_snapshots.rs
expression: s
---
VIEWS                      │1:Home │ 2:Library │ 3:Search │ 4:Discover │ 5:Radio                           YouTube [err]
›   1 Artists              │⌕ YouTube Home
›   2 Playlists            │cold start — listening to music builds your profile
›   3 Queue                │
›   4 YouTube              │── Quick Picks ──
────────────────────────   │Tracks based on your recent listening
DISCOVER                   │▸ ♫ Song1 — 40mP
♫   H Home                 │♫ Ghost Rule — DECO*27
✦   S Discover             │
◎ :radio Radio             │── Made for You ──
◆ :gen Generator           │Generated mixes tailored to your taste
────────────────────────   │✨  Daily Mix — Tracks clustered by your recent listening, refreshed daily
TOOLS                      │✨  Discover Mix — Taste-adjacent music you haven't heard
/   / Search               │✨  Local + YouTube Blend — A blend of your local library and YouTube
!   D Diagnostics          │
?   ? Help                 │── Start Radio ──
                           │Start a radio session from any seed
                           │◎ Track Radio — start a radio session
                           │◎ Artist Radio — start a radio session
                           │
                           │                j/k navigate · Tab sections · Enter play · ? help · Esc close
────────────────────────────────────────────────────────────────────────────────────────────────────────────────────────
[STOPPED] ■ — nothing playing —  --:-- / --:--  ▸ Enter to play  --  PREF local · YT! · CONT off · SHUF off · RPT off
VIEW: youtube · SOURCE: local [Y err] · [!] [err] YT: provider error — press R to retry
