---
source: tests/state_snapshots.rs
assertion_line: 88
expression: s
---

      ┌ help — j/k scroll · Esc to close ────────────────────────────────────────────────────────────────────────┐
      │                                                                                                          │
      │Discovery & Radio                                                                                         │
      │H               YouTube Home (Quick Picks, mixes, radio)                                                  │
      │S               discover overlay (albums / YT mixes)                                                      │
      │:home           open YouTube Home                                                                         │
      │:gen            playlist generator (natural language)                                                     │
      │:radio          start radio from selected track                                                           │
      │:radio artist <name>start radio from artist                                                               │
      │:publish <name> publish playlist to YouTube                                                               │
      │──────────────────────────────────────────────────────────────────────────────────────────────────────────│
      │Source badges                                                                                             │
      │[L]             local track                                                                               │
      │[Y]             YouTube track                                                                             │
      │[Y!]            expired / unavailable                                                                     │
      │──────────────────────────────────────────────────────────────────────────────────────────────────────────│
      │Navigation                                                                                                │
      │h j k l · ↑↓←→  move (←→ columns, ↑↓ within)                                                              │
      │gg / G          top / bottom of column                                                                    │
      │1 2 3 4         switch view: Artists / Playlists / Queue / YouTube                                        │
      │Tab / Shift+Tab cycle view                                                                                │
      └──────────────────────────────────────────────────────────────────────────────────────────────────────────┘
