---
source: tests/state_snapshots.rs
assertion_line: 88
expression: s
---
VIEWS                      │┏Queue━━━━━━━━━━━━━━━━━━━━━━━━━━━━━━━━━━━━━━━━━━━━━━━━━━━━━━━━━━━━━━━━━━━━━━━━━━━━━━━━━━━━━┓
›   1 Artists              │┃# Title Artist Qual                                                                       ┃
›   2 Playlists            │┃───────────────────────────────────────────────────────────────────────────────────────── ┃
›   3 Queue (2)            │┃▸ 1 Song1                            40mP                  24bit-9…                       ┃
›   4 YouTube              │┃  2 Ghost Rule                       DECO*27               16bit-4…                       ┃
────────────────────────   │┃                                                                                          ┃
DISCOVER                   │┃                                                                                          ┃
♫   H Home                 │┃                                                                                          ┃
✦   S Discover             │┃                                                                                          ┃
◎ :radio Radio             │┃                                                                                          ┃
◆ :gen Generator           │┃                                                                                          ┃
────────────────────────   │┃                                                                                          ┃
TOOLS                      │┃                                                                                          ┃
/   / Search               │┃                                                                                          ┃
!   D Diagnostics          │┃                                                                                          ┃
?   ? Help                 │┃                                                                                          ┃
                           │┃                                                                                          ┃
                           │┃                                                                                          ┃
                           │┃                                                                                          ┃
                           │┃                                                                                          ┃
                           │┗━━━━━━━━━━━━━━━━━━━━━━━━━━━━━━━━━━━━━━━━━━━━━━━━━━━━━━━━━━━━━━━━━━━━━━━━━━━━━━━━━━━━━━━━━━┛
────────────────────────────────────────────────────────────────────────────────────────────────────────────────────────
[STOPPED] ■ — nothing playing —  --:-- / --:--  ▸ Next: Song1  --  MODE local · CONT off · SHUF off · RPT off
VIEW: queue · SOURCE: local [Y —]
