---
source: tests/state_snapshots.rs
assertion_line: 88
expression: s
---


            ┌ Lyrics — not found ──────────────────────────────────────────────────────────────────────────┐
            │ Lyrics are searched on YouTube; local tracks without a YouTube match have no lyrics.         │
            │                                                                                              │
            │ R retry lyrics for this track  ·  L or Esc close                                             │
            │                                                                                              │
            │                                                                                              │
            │                                                                                              │
            │                                                                                              │
            │                                                                                              │
            │                                                                                              │
            │                                                                                              │
            │                                                                                              │
            │                                                                                              │
            │                                                                                              │
            │                                                                                              │
            │                                    Esc close · j/k scroll                                    │
            └──────────────────────────────────────────────────────────────────────────────────────────────┘


────────────────────────────────────────────────────────────────────────────────────────────────────────────────────────
[STOPPED] ■ — nothing playing —  --:-- / --:--  ▸ Enter to play  --  PREF local · CONT off · SHUF off · RPT off
VIEW: local · SOURCE: local [Y —]
