---
source: tests/state_snapshots.rs
expression: s
---

            ┌ Lyrics — loading… ───────────────────────────────────────────────────────────────────────────┐
            │ Loading lyrics…                                                                              │
            │                                                                                              │
            │ (reading from local tags / sidecar / youtube)                                                │
            │                                                                                              │
            │                                                                                              │
            │                                    Esc close · j/k scroll                                    │
            └──────────────────────────────────────────────────────────────────────────────────────────────┘

────────────────────────────────────────────────────────────────────────────────────────────────────────────────────────
╭─ NOW PLAYING ────────────────────────────────────────────────────────────────────────────────────────────────────────╮
│— nothing playing —                                                                                                   │
│                                                                                                                      │
│                                                                                                                      │
│                                                                                                                      │
│■ STOPPED                                                                                                             │
│--:--  ────────────────────────────────────────────────────────────  --:--                                            │
│[←] Previous   [Space] Play   [→] Next   Vol 70% ▰▰▰▰▰▰▰▱▱▱                                                           │
│LOCAL                                                                                                                 │
│Shuffle: Off   Repeat: Off   Continue: Off                                                                            │
│Up next: Nothing queued                                                                                               │
╰──────────────────────────────────────────────────────────────────────────────────────────────────────────────────────╯
VIEW: local · SOURCE: local [Y —]
