---
source: tests/state_snapshots.rs
expression: s
---
1   ┏Queue━━━━━━━━━━━━━━━━━━━━━━━━━━━━━━━━━━━━━━━━━━━━━━━━━━━━━━━━━━━━━━━━━━━━━━━━━━━━━━━━━━━━━━━━━━━━━━━━━━━━━━━━━━━━━┓
2   ┃                                 queue empty — press `e` on a track to enqueue it                                 ┃
3   ┃                                                                                                                  ┃
4   ┃                                                                                                                  ┃
    ┃                                                                                                                  ┃
    ┃                                                                                                                  ┃
    ┃                                                                                                                  ┃
    ┃                                                                                                                  ┃
    ┃                                                                                                                  ┃
    ┃                                                                                                                  ┃
    ┃                                                                                                                  ┃
    ┃                                                                                                                  ┃
    ┃                                                                                                                  ┃
    ┃                                                                                                                  ┃
    ┃                                                                                                                  ┃
    ┃                                                                                                                  ┃
    ┃                                                                                                                  ┃
    ┃                                                                                                                  ┃
    ┃                                                                                                                  ┃
    ┃                                                                                                                  ┃
    ┗━━━━━━━━━━━━━━━━━━━━━━━━━━━━━━━━━━━━━━━━━━━━━━━━━━━━━━━━━━━━━━━━━━━━━━━━━━━━━━━━━━━━━━━━━━━━━━━━━━━━━━━━━━━━━━━━━━┛
▶ — nothing playing —   --bit / -- kHz   vol ▰▰▰▱ 70%
                          --:-- / --:--                                       SHUF off · RPT off · CONT off · MODE local
[!] YT: not configured — run :yt auth browser <chrome>
