---
source: tests/state_snapshots.rs
expression: s
---
┌ Lyrics ──────────────────────────────────────────────────────────────────────────────────────────────────────────────┐
│ First line               ┃│Cosmic                    ││▸  1 Song1 — Cosmic                                24bit-96kHz│
│ Second line              ┃│                          ││                                                              │
│   ┃                      ┃│                          ││                                                              │
│   ┃                      ┃│                          ││                                                              │
│   ┃                      ┃│                          ││                                                              │
│   ┃                      ┃│                          ││                                                              │
│   ┃                      ┃│                          ││                                                              │
│   ┃                      ┃│                          ││                                                              │
│   ┃                      ┃│                          ││                                                              │
│   ┃                      ┃│                          ││                                                              │
│   ┃                      ┃│                          ││                                                              │
│   ┃                      ┃│                          ││                                                              │
│   ┃                      ┃│                          ││                                                              │
│   ┃                      ┃│                          ││                                                              │
│   ┃                      ┃│                          ││                                                              │
│   ┃                      ┃│                          ││                                                              │
│   ┃                      ┃│                          ││                                                              │
│   ┃                      ┃│                          ││                                                              │
│   ┃                      ┃│                          ││                                                              │
│   ┗━━━━━━━━━━━━━━━━━━━━━━┛└──────────────────────────┘└──────────────────────────────────────────────────────────────│
│ — nothing playing —   --bit / -- kHz   vol ▰▰▰▱ 70%                                                                  │
│                         --:-- / --:--                                       SHUF off · RPT off · CONT off · MODE loca│
└──────────────────────────────────────────────────────────────────────────────────────────────────────────────────────┘
